
[TestPrinter/expression_slot - 1]
## Input

```
<Component>{true && <div slot="a">A</div>}{false && <div slot="b">B</div>}</Component>
```

## Output

```js
import {
  Fragment,
  render as $$render,
  createAstro as $$createAstro,
  createComponent as $$createComponent,
  renderComponent as $$renderComponent,
  renderHead as $$renderHead,
  maybeRenderHead as $$maybeRenderHead,
  unescapeHTML as $$unescapeHTML,
  renderSlot as $$renderSlot,
  mergeSlots as $$mergeSlots,
  addAttribute as $$addAttribute,
  spreadAttributes as $$spreadAttributes,
  defineStyleVars as $$defineStyleVars,
  defineScriptVars as $$defineScriptVars,
  renderTransition as $$renderTransition,
  createTransitionScope as $$createTransitionScope,
  renderScript as $$renderScript,
  createMetadata as $$createMetadata
} from "http://localhost:3000/";

export const $$metadata = $$createMetadata(import.meta.url, { modules: [], hydratedComponents: [], clientOnlyComponents: [], hydrationDirectives: new Set([]), hoisted: [] });

const $$Component = $$createComponent(($$result, $$props, $$slots) => {

return $$render`${$$renderComponent($$result,'Component',Component,{},{"a": () => $$render`${true && $$render`${$$maybeRenderHead($$result)}<div>A</div>`}`,"b": () => $$render`${false && $$render`<div>B</div>`}`,})}`;
}, undefined, undefined);
export default $$Component;
```
---
