
[TestPrinter/includes_comments_for_shorthand_attribute - 1]
## Input

```
<div><h1 {/* comment 1 */ id /* comment 2 */}>Hello</h1><Component {/* comment 1 */ id /* comment 2 */}/></div>
```

## Output

```js
import {
  Fragment,
  render as $$render,
  createAstro as $$createAstro,
  createComponent as $$createComponent,
  renderComponent as $$renderComponent,
  renderHead as $$renderHead,
  maybeRenderHead as $$maybeRenderHead,
  unescapeHTML as $$unescapeHTML,
  renderSlot as $$renderSlot,
  mergeSlots as $$mergeSlots,
  addAttribute as $$addAttribute,
  spreadAttributes as $$spreadAttributes,
  defineStyleVars as $$defineStyleVars,
  defineScriptVars as $$defineScriptVars,
  renderTransition as $$renderTransition,
  createTransitionScope as $$createTransitionScope,
  renderScript as $$renderScript,
  createMetadata as $$createMetadata
} from "http://localhost:3000/";

export const $$metadata = $$createMetadata(import.meta.url, { modules: [], hydratedComponents: [], clientOnlyComponents: [], hydrationDirectives: new Set([]), hoisted: [] });

const $$Component = $$createComponent(($$result, $$props, $$slots) => {

return $$render`${$$maybeRenderHead($$result)}<div><h1${$$addAttribute(/* comment 1 */ id /* comment 2 */, "id")}>Hello</h1>${$$renderComponent($$result,'Component',Component,{"id":(/* comment 1 */ id /* comment 2 */)})}</div>`;
}, undefined, undefined);
export default $$Component;
```
---
