
[TestPrinter/nested_expressions_VIII - 1]
## Input

```
<div>{ items.map(({ type, ...data }) => { switch (type) { case 'card': { return ( <Card {...data} /> ); } case 'paragraph': { return ( <p>{data.body}</p>);}}})}</div>
```

## Output

```js
import {
  Fragment,
  render as $$render,
  createAstro as $$createAstro,
  createComponent as $$createComponent,
  renderComponent as $$renderComponent,
  renderHead as $$renderHead,
  maybeRenderHead as $$maybeRenderHead,
  unescapeHTML as $$unescapeHTML,
  renderSlot as $$renderSlot,
  mergeSlots as $$mergeSlots,
  addAttribute as $$addAttribute,
  spreadAttributes as $$spreadAttributes,
  defineStyleVars as $$defineStyleVars,
  defineScriptVars as $$defineScriptVars,
  renderTransition as $$renderTransition,
  createTransitionScope as $$createTransitionScope,
  renderScript as $$renderScript,
  createMetadata as $$createMetadata
} from "http://localhost:3000/";

export const $$metadata = $$createMetadata(import.meta.url, { modules: [], hydratedComponents: [], clientOnlyComponents: [], hydrationDirectives: new Set([]), hoisted: [] });

const $$Component = $$createComponent(($$result, $$props, $$slots) => {

return $$render`${$$maybeRenderHead($$result)}<div>${ items.map(({ type, ...data }) => { switch (type) { case 'card': { return ( $$render`${$$renderComponent($$result,'Card',Card,{...(data)})}` ); } case 'paragraph': { return ( $$render`<p>${data.body}</p>`);}}})}</div>`;
}, undefined, undefined);
export default $$Component;
```
---
