
[TestPrinter/select_map_expression - 1]
## Input

```
<select>{[1, 2, 3].map(num => <option>{num}</option>)}</select><div>Hello world!</div>
```

## Output

```js
import {
  Fragment,
  render as $$render,
  createAstro as $$createAstro,
  createComponent as $$createComponent,
  renderComponent as $$renderComponent,
  renderHead as $$renderHead,
  maybeRenderHead as $$maybeRenderHead,
  unescapeHTML as $$unescapeHTML,
  renderSlot as $$renderSlot,
  mergeSlots as $$mergeSlots,
  addAttribute as $$addAttribute,
  spreadAttributes as $$spreadAttributes,
  defineStyleVars as $$defineStyleVars,
  defineScriptVars as $$defineScriptVars,
  renderTransition as $$renderTransition,
  createTransitionScope as $$createTransitionScope,
  renderScript as $$renderScript,
  createMetadata as $$createMetadata
} from "http://localhost:3000/";

export const $$metadata = $$createMetadata(import.meta.url, { modules: [], hydratedComponents: [], clientOnlyComponents: [], hydrationDirectives: new Set([]), hoisted: [] });

const $$Component = $$createComponent(($$result, $$props, $$slots) => {

return $$render`${$$maybeRenderHead($$result)}<select>${[1, 2, 3].map(num => $$render`<option>${num}</option>`)}</select><div>Hello world!</div>`;
}, undefined, undefined);
export default $$Component;
```
---
