
[TestAnnotation/no_components - 1]
## Input

```
<Component>Hello world!</Component>
```

## Output

```jsx
<Component>Hello world!</Component>
```
---
