
[TestScopeHTML/component_className_expression - 1]
## Input

```
<Component className={"test"} />
```

## Output

```js
<Component className={("test") + " astro-xxxxxx"}></Component>
```
---
