
[TestPrintToJSON/Comment_preserves_whitespace - 1]
## Input

```
<!-- hello -->
```

## Output

```json
{"type":"root","children":[{"type":"comment","value":" hello "}]}
```
---
