
[TestPrintToJSON/Doctype - 1]
## Input

```
<!DOCTYPE html />
```

## Output

```json
{"type":"root","children":[{"type":"doctype","value":"html"}]}
```
---
