
[TestScopeHTML/element_class:list - 1]
## Input

```
<div class:list={{ a: true }} />
```

## Output

```jsx
<div class:list={[({ a: true }), "astro-xxxxxx"]}></div>
```
---
