
[TestScopeHTML/empty - 1]
## Input

```
<div class />
```

## Output

```jsx
<div class="astro-xxxxxx"></div>
```
---
