
[TestPrinter/export_comments_I - 1]
## Input

```
/-/-/-/
// hmm
export const foo = 0
/*
*/
/-/-/-/
```

## Output

```js
import {
  Fragment,
  render as $$render,
  createAstro as $$createAstro,
  createComponent as $$createComponent,
  renderComponent as $$renderComponent,
  renderHead as $$renderHead,
  maybeRenderHead as $$maybeRenderHead,
  unescapeHTML as $$unescapeHTML,
  renderSlot as $$renderSlot,
  mergeSlots as $$mergeSlots,
  addAttribute as $$addAttribute,
  spreadAttributes as $$spreadAttributes,
  defineStyleVars as $$defineStyleVars,
  defineScriptVars as $$defineScriptVars,
  renderTransition as $$renderTransition,
  createTransitionScope as $$createTransitionScope,
  renderScript as $$renderScript,
  createMetadata as $$createMetadata
} from "http://localhost:3000/";

export const $$metadata = $$createMetadata(import.meta.url, { modules: [], hydratedComponents: [], clientOnlyComponents: [], hydrationDirectives: new Set([]), hoisted: [] });

const $$Astro = $$createAstro('https://astro.build');
const Astro = $$Astro;
export const foo = 0

const $$Component = $$createComponent(async ($$result, $$props, $$slots) => {
const Astro = $$result.createAstro($$Astro, $$props, $$slots);
Astro.self = $$Component;

// hmm
/*
*/

return $$render``;
}, undefined, undefined);
export default $$Component;
```
---
