
[TestPrinter/getStaticPaths_(hoisted_II) - 1]
## Input

```
/-/-/-/
const a = 0;
export async function getStaticPaths() {
    return { paths: [] }
}
const b = 0;
/-/-/-/
<div></div>
```

## Output

```js
import {
  Fragment,
  render as $$render,
  createAstro as $$createAstro,
  createComponent as $$createComponent,
  renderComponent as $$renderComponent,
  renderHead as $$renderHead,
  maybeRenderHead as $$maybeRenderHead,
  unescapeHTML as $$unescapeHTML,
  renderSlot as $$renderSlot,
  mergeSlots as $$mergeSlots,
  addAttribute as $$addAttribute,
  spreadAttributes as $$spreadAttributes,
  defineStyleVars as $$defineStyleVars,
  defineScriptVars as $$defineScriptVars,
  renderTransition as $$renderTransition,
  createTransitionScope as $$createTransitionScope,
  renderScript as $$renderScript,
  createMetadata as $$createMetadata
} from "http://localhost:3000/";

export const $$metadata = $$createMetadata(import.meta.url, { modules: [], hydratedComponents: [], clientOnlyComponents: [], hydrationDirectives: new Set([]), hoisted: [] });

export async function getStaticPaths() {
    return { paths: [] }
}
const $$Component = $$createComponent(($$result, $$props, $$slots) => {

const a = 0;

const b = 0;

return $$render`${$$maybeRenderHead($$result)}<div></div>`;
}, undefined, undefined);
export default $$Component;
```
---
