
[TestPrinter/no_expressions_in_math - 1]
## Input

```
<p>Hello, world! This is a <em>buggy</em> formula: <span class="math math-inline"><span class="katex"><span class="katex-mathml"><math xmlns="http://www.w3.org/1998/Math/MathML"><semantics><mrow><mi>f</mi><mspace></mspace><mspace width="0.1111em"></mspace><mo lspace="0em" rspace="0.17em"></mo><mtext> ⁣</mtext><mo lspace="0em" rspace="0em">:</mo><mspace width="0.3333em"></mspace><mi>X</mi><mo>→</mo><msup><mi mathvariant="double-struck">R</mi><mrow><mn>2</mn><mi>x</mi></mrow></msup></mrow><annotation encoding="application/x-tex">f\colon X \to \mathbb R^{2x}</annotation></semantics></math></span><span class="katex-html" aria-hidden="true"><span class="base"><span class="strut" style="height:0.8889em;vertical-align:-0.1944em;"></span><span class="mord mathnormal" style="margin-right:0.10764em;">f</span><span class="mspace nobreak"></span><span class="mspace" style="margin-right:0.1111em;"></span><span class="mpunct"></span><span class="mspace" style="margin-right:-0.1667em;"></span><span class="mspace" style="margin-right:0.1667em;"></span><span class="mord"><span class="mrel">:</span></span><span class="mspace" style="margin-right:0.3333em;"></span><span class="mord mathnormal" style="margin-right:0.07847em;">X</span><span class="mspace" style="margin-right:0.2778em;"></span><span class="mrel">→</span><span class="mspace" style="margin-right:0.2778em;"></span></span><span class="base"><span class="strut" style="height:0.8141em;"></span><span class="mord"><span class="mord mathbb">R</span><span class="msupsub"><span class="vlist-t"><span class="vlist-r"><span class="vlist" style="height:0.8141em;"><span style="top:-3.063em;margin-right:0.05em;"><span class="pstrut" style="height:2.7em;"></span><span class="sizing reset-size6 size3 mtight"><span class="mord mtight"><span class="mord mtight">2</span><span class="mord mathnormal mtight">x</span></span></span></span></span></span></span></span></span></span></span></span></span></p>
```

## Output

```js
import {
  Fragment,
  render as $$render,
  createAstro as $$createAstro,
  createComponent as $$createComponent,
  renderComponent as $$renderComponent,
  renderHead as $$renderHead,
  maybeRenderHead as $$maybeRenderHead,
  unescapeHTML as $$unescapeHTML,
  renderSlot as $$renderSlot,
  mergeSlots as $$mergeSlots,
  addAttribute as $$addAttribute,
  spreadAttributes as $$spreadAttributes,
  defineStyleVars as $$defineStyleVars,
  defineScriptVars as $$defineScriptVars,
  renderTransition as $$renderTransition,
  createTransitionScope as $$createTransitionScope,
  renderScript as $$renderScript,
  createMetadata as $$createMetadata
} from "http://localhost:3000/";

export const $$metadata = $$createMetadata(import.meta.url, { modules: [], hydratedComponents: [], clientOnlyComponents: [], hydrationDirectives: new Set([]), hoisted: [] });

const $$Component = $$createComponent(($$result, $$props, $$slots) => {

return $$render`${$$maybeRenderHead($$result)}<p>Hello, world! This is a <em>buggy</em> formula: <span class="math math-inline"><span class="katex"><span class="katex-mathml"><math xmlns="http://www.w3.org/1998/Math/MathML"><semantics><mrow><mi>f</mi><mspace></mspace><mspace width="0.1111em"></mspace><mo lspace="0em" rspace="0.17em"></mo><mtext> ⁣</mtext><mo lspace="0em" rspace="0em">:</mo><mspace width="0.3333em"></mspace><mi>X</mi><mo>→</mo><msup><mi mathvariant="double-struck">R</mi><mrow><mn>2</mn><mi>x</mi></mrow></msup></mrow><annotation encoding="application/x-tex">f\\colon X \\to \\mathbb R^{2x}</annotation></semantics></math></span><span class="katex-html" aria-hidden="true"><span class="base"><span class="strut" style="height:0.8889em;vertical-align:-0.1944em;"></span><span class="mord mathnormal" style="margin-right:0.10764em;">f</span><span class="mspace nobreak"></span><span class="mspace" style="margin-right:0.1111em;"></span><span class="mpunct"></span><span class="mspace" style="margin-right:-0.1667em;"></span><span class="mspace" style="margin-right:0.1667em;"></span><span class="mord"><span class="mrel">:</span></span><span class="mspace" style="margin-right:0.3333em;"></span><span class="mord mathnormal" style="margin-right:0.07847em;">X</span><span class="mspace" style="margin-right:0.2778em;"></span><span class="mrel">→</span><span class="mspace" style="margin-right:0.2778em;"></span></span><span class="base"><span class="strut" style="height:0.8141em;"></span><span class="mord"><span class="mord mathbb">R</span><span class="msupsub"><span class="vlist-t"><span class="vlist-r"><span class="vlist" style="height:0.8141em;"><span style="top:-3.063em;margin-right:0.05em;"><span class="pstrut" style="height:2.7em;"></span><span class="sizing reset-size6 size3 mtight"><span class="mord mtight"><span class="mord mtight">2</span><span class="mord mathnormal mtight">x</span></span></span></span></span></span></span></span></span></span></span></span></span></p>`;
}, undefined, undefined);
export default $$Component;
```
---

[TestPrinter/no_expressions_in_math#01 - 1]
## Input

```
<p>Hello, world! This is a <em>buggy</em> formula: <span class="math math-inline"><span class="katex"><span class="katex-mathml"><math xmlns="http://www.w3.org/1998/Math/MathML"><semantics><mrow><mi>f</mi><mspace></mspace><mspace width="0.1111em"></mspace><mo lspace="0em" rspace="0.17em"></mo><mtext> ⁣</mtext><mo lspace="0em" rspace="0em">:</mo><mspace width="0.3333em"></mspace><mi>X</mi><mo>→</mo><msup><mi mathvariant="double-struck">R</mi><mrow><mn>2</mn><mi>x</mi></mrow></msup></mrow><annotation encoding="application/x-tex">f\colon X \to \mathbb R^{2x}</annotation></semantics></math></span><span class="katex-html" aria-hidden="true"><span class="base"><span class="strut" style="height:0.8889em;vertical-align:-0.1944em;"></span><span class="mord mathnormal" style="margin-right:0.10764em;">f</span><span class="mspace nobreak"></span><span class="mspace" style="margin-right:0.1111em;"></span><span class="mpunct"></span><span class="mspace" style="margin-right:-0.1667em;"></span><span class="mspace" style="margin-right:0.1667em;"></span><span class="mord"><span class="mrel">:</span></span><span class="mspace" style="margin-right:0.3333em;"></span><span class="mord mathnormal" style="margin-right:0.07847em;">X</span><span class="mspace" style="margin-right:0.2778em;"></span><span class="mrel">→</span><span class="mspace" style="margin-right:0.2778em;"></span></span><span class="base"><span class="strut" style="height:0.8141em;"></span><span class="mord"><span class="mord mathbb">R</span><span class="msupsub"><span class="vlist-t"><span class="vlist-r"><span class="vlist" style="height:0.8141em;"><span style="top:-3.063em;margin-right:0.05em;"><span class="pstrut" style="height:2.7em;"></span><span class="sizing reset-size6 size3 mtight"><span class="mord mtight"><span class="mord mtight">2</span><span class="mord mathnormal mtight">x</span></span></span></span></span></span></span></span></span></span></span></span></span></p>
```

## Output

```js
import {
  Fragment,
  render as $$render,
  createAstro as $$createAstro,
  createComponent as $$createComponent,
  renderComponent as $$renderComponent,
  renderHead as $$renderHead,
  maybeRenderHead as $$maybeRenderHead,
  unescapeHTML as $$unescapeHTML,
  renderSlot as $$renderSlot,
  mergeSlots as $$mergeSlots,
  addAttribute as $$addAttribute,
  spreadAttributes as $$spreadAttributes,
  defineStyleVars as $$defineStyleVars,
  defineScriptVars as $$defineScriptVars,
  renderTransition as $$renderTransition,
  createTransitionScope as $$createTransitionScope,
  renderScript as $$renderScript,
  createMetadata as $$createMetadata
} from "http://localhost:3000/";

export const $$metadata = $$createMetadata(import.meta.url, { modules: [], hydratedComponents: [], clientOnlyComponents: [], hydrationDirectives: new Set([]), hoisted: [] });

const $$Component = $$createComponent(($$result, $$props, $$slots) => {

return $$render`${$$maybeRenderHead($$result)}<p>Hello, world! This is a <em>buggy</em> formula: <span class="math math-inline"><span class="katex"><span class="katex-mathml"><math xmlns="http://www.w3.org/1998/Math/MathML"><semantics><mrow><mi>f</mi><mspace></mspace><mspace width="0.1111em"></mspace><mo lspace="0em" rspace="0.17em"></mo><mtext> ⁣</mtext><mo lspace="0em" rspace="0em">:</mo><mspace width="0.3333em"></mspace><mi>X</mi><mo>→</mo><msup><mi mathvariant="double-struck">R</mi><mrow><mn>2</mn><mi>x</mi></mrow></msup></mrow><annotation encoding="application/x-tex">f\\colon X \\to \\mathbb R^{2x}</annotation></semantics></math></span><span class="katex-html" aria-hidden="true"><span class="base"><span class="strut" style="height:0.8889em;vertical-align:-0.1944em;"></span><span class="mord mathnormal" style="margin-right:0.10764em;">f</span><span class="mspace nobreak"></span><span class="mspace" style="margin-right:0.1111em;"></span><span class="mpunct"></span><span class="mspace" style="margin-right:-0.1667em;"></span><span class="mspace" style="margin-right:0.1667em;"></span><span class="mord"><span class="mrel">:</span></span><span class="mspace" style="margin-right:0.3333em;"></span><span class="mord mathnormal" style="margin-right:0.07847em;">X</span><span class="mspace" style="margin-right:0.2778em;"></span><span class="mrel">→</span><span class="mspace" style="margin-right:0.2778em;"></span></span><span class="base"><span class="strut" style="height:0.8141em;"></span><span class="mord"><span class="mord mathbb">R</span><span class="msupsub"><span class="vlist-t"><span class="vlist-r"><span class="vlist" style="height:0.8141em;"><span style="top:-3.063em;margin-right:0.05em;"><span class="pstrut" style="height:2.7em;"></span><span class="sizing reset-size6 size3 mtight"><span class="mord mtight"><span class="mord mtight">2</span><span class="mord mathnormal mtight">x</span></span></span></span></span></span></span></span></span></span></span></span></span></p>`;
}, undefined, undefined);
export default $$Component;
```
---
