
[TestPrinter/ternary_component - 1]
## Input

```
{special ? <ChildDiv><p>Special</p></ChildDiv> : <p>Not special</p>}
```

## Output

```js
import {
  Fragment,
  render as $$render,
  createAstro as $$createAstro,
  createComponent as $$createComponent,
  renderComponent as $$renderComponent,
  renderHead as $$renderHead,
  maybeRenderHead as $$maybeRenderHead,
  unescapeHTML as $$unescapeHTML,
  renderSlot as $$renderSlot,
  mergeSlots as $$mergeSlots,
  addAttribute as $$addAttribute,
  spreadAttributes as $$spreadAttributes,
  defineStyleVars as $$defineStyleVars,
  defineScriptVars as $$defineScriptVars,
  renderTransition as $$renderTransition,
  createTransitionScope as $$createTransitionScope,
  renderScript as $$renderScript,
  createMetadata as $$createMetadata
} from "http://localhost:3000/";

export const $$metadata = $$createMetadata(import.meta.url, { modules: [], hydratedComponents: [], clientOnlyComponents: [], hydrationDirectives: new Set([]), hoisted: [] });

const $$Component = $$createComponent(($$result, $$props, $$slots) => {

return $$render`${special ? $$render`${$$renderComponent($$result,'ChildDiv',ChildDiv,{},{"default": () => $$render`${$$maybeRenderHead($$result)}<p>Special</p>`,})}` : $$render`<p>Not special</p>`}`;
}, undefined, undefined);
export default $$Component;
```
---
