
[TestScopeStyle/chained_:not() - 1]
## Input

```
.class:not(.is-active):not(.is-disabled){}
```

## Output

```css
.class:where(.astro-xxxxxx):not(.is-active):not(.is-disabled){}
```
---
