
[TestScopeStyle/invalid_CSS_(`missing_semi`) - 1]
## Input

```
.foo {
  color: blue
  font-size: 18px;
}
```

## Output

```css
.foo:where(.astro-xxxxxx){color:blue font-size: 18px}
```
---
