
[TestScopeStyle/keyframes_middle - 1]
## Input

```
h1{} @keyframes shuffle{0%{transform:rotate(0deg);color:blue}100%{transform:rotate(360deg)}} h2{}
```

## Output

```css
h1:where(.astro-xxxxxx){}@keyframes shuffle{0%{transform:rotate(0deg);color:blue}100%{transform:rotate(360deg)}}h2:where(.astro-xxxxxx){}
```
---
