
[TestScopeStyle/keyframes_2 - 1]
## Input

```
@keyframes shuffle{0%{transform:rotate(0deg);color:blue}100%{transform:rotate(360deg)}}
```

## Output

```css
@keyframes shuffle{0%{transform:rotate(0deg);color:blue}100%{transform:rotate(360deg)}}
```
---
