
[TestScopeStyle/nesting_modifier - 1]
## Input

```
.header { background-color: white; &.dark { background-color: blue; }}
```

## Output

```css
.header:where(.astro-xxxxxx){background-color:white;&.dark{background-color:blue}}
```
---
