
[TestPrinterCSS/styles_(no_frontmatter) - 1]
## Input

```
<style>
          .title {
            font-family: fantasy;
            font-size: 28px;
          }

          .body {
            font-size: 1em;
          }
        </style>

        <h1 class="title">Page Title</h1>
        <p class="body">Iâ€™m a page</p>
```

## Output

```css
.title:where(.astro-dpohflym){font-family:fantasy;font-size:28px}.body:where(.astro-dpohflym){font-size:1em}
```
---
